// Jest Snapshot v1, https://goo.gl/fbAQLP

exports[`A Form renders component 1`] = `
<form
  onSubmit={[Function]}
>
  <div
    aria-describedby={undefined}
    aria-label={undefined}
    className="MuiFormControl-root-1 MuiFormControl-fullWidth-4"
    data-test-id="todo-add-item"
    onBlur={[Function]}
    onFocus={[Function]}
  >
    <div
      className="MuiInput-root-5 MuiInput-fullWidth-13 MuiInput-formControl-6 MuiInput-inkbar-7 MuiInput-underline-11"
      onBlur={[Function]}
      onFocus={[Function]}
    >
      <input
        aria-invalid={false}
        aria-required={false}
        autoComplete={undefined}
        autoFocus={undefined}
        className="MuiInput-input-14"
        defaultValue={undefined}
        disabled={false}
        id="todoInput"
        name={undefined}
        onChange={[Function]}
        onKeyDown={undefined}
        onKeyUp={undefined}
        placeholder={undefined}
        readOnly={undefined}
        required={undefined}
        rows={undefined}
        type="text"
        value=""
      />
    </div>
  </div>
</form>
`;
