// Jest Snapshot v1, https://goo.gl/fbAQLP

exports[`A Todos Container renders component 1`] = `
<div>
  <div
    className="MuiGrid-typeContainer-1 MuiGrid-justify-xs-center-18"
  >
    <div
      className="MuiGrid-typeItem-2 MuiGrid-grid-xs-12-38 MuiGrid-grid-md-4-56"
    >
      <div
        className="MuiGrid-typeContainer-1 MuiGrid-spacing-xs-16-23 MuiGrid-justify-xs-center-18"
      >
        <div
          className="MuiGrid-typeItem-2"
        >
          <img
            alt="header"
            src="test-file-stub"
            style={
              Object {
                "height": "200px",
                "marginBottom": "20px",
              }
            }
          />
        </div>
      </div>
    </div>
  </div>
  <div
    className="MuiGrid-typeContainer-1 MuiGrid-justify-xs-center-18"
  >
    <div
      className="MuiGrid-typeItem-2 MuiGrid-grid-xs-12-38 MuiGrid-grid-md-4-56 MuiGrid-grid-lg-2-67"
    >
      <InputRow />
    </div>
  </div>
  <div
    className="MuiGrid-typeContainer-1 MuiGrid-justify-xs-center-18"
  >
    <div
      className="MuiGrid-typeItem-2 MuiGrid-grid-xs-12-38 MuiGrid-grid-md-4-56 MuiGrid-grid-lg-2-67"
    >
      <List />
    </div>
  </div>
</div>
`;

exports[`A Todos renders component 1`] = `
<div>
  <div
    className="MuiGrid-typeContainer-1 MuiGrid-justify-xs-center-18"
  >
    <div
      className="MuiGrid-typeItem-2 MuiGrid-grid-xs-12-38 MuiGrid-grid-md-4-56"
    >
      <div
        className="MuiGrid-typeContainer-1 MuiGrid-spacing-xs-16-23 MuiGrid-justify-xs-center-18"
      >
        <div
          className="MuiGrid-typeItem-2"
        >
          <img
            alt="header"
            src="test-file-stub"
            style={
              Object {
                "height": "200px",
                "marginBottom": "20px",
              }
            }
          />
        </div>
      </div>
    </div>
  </div>
  <div
    className="MuiGrid-typeContainer-1 MuiGrid-justify-xs-center-18"
  >
    <div
      className="MuiGrid-typeItem-2 MuiGrid-grid-xs-12-38 MuiGrid-grid-md-4-56 MuiGrid-grid-lg-2-67"
    >
      <InputRow />
    </div>
  </div>
  <div
    className="MuiGrid-typeContainer-1 MuiGrid-justify-xs-center-18"
  >
    <div
      className="MuiGrid-typeItem-2 MuiGrid-grid-xs-12-38 MuiGrid-grid-md-4-56 MuiGrid-grid-lg-2-67"
    >
      <List />
    </div>
  </div>
</div>
`;
