// Jest Snapshot v1, https://goo.gl/fbAQLP

exports[`A HeaderRow renders component 1`] = `
<div
  className="MuiGrid-root MuiGrid-container MuiGrid-justify-xs-center"
>
  <div
    className="MuiGrid-root MuiGrid-item"
  >
    <img
      alt="header"
      src="test-file-stub"
      style={
        Object {
          "height": "200px",
          "marginBottom": "20px",
        }
      }
    />
  </div>
</div>
`;
