// Jest Snapshot v1, https://goo.gl/fbAQLP

exports[`An InputRow Container renders component 1`] = `
<div
  className="row"
>
  <div
    className="col-lg-8 col-lg-offset-2 col-sm-8 col-sm-offset-1"
  >
    <form
      onSubmit={[Function]}
    >
      <div
        className="form-group form-group-lg"
      >
        <input
          aria-label="Add Item"
          className="form-control"
          data-test-id="todo-add-item"
          id={undefined}
          onChange={[Function]}
          onKeyPress={undefined}
          placeholder="Add Item"
          type="text"
          value=""
        />
      </div>
    </form>
  </div>
  <div
    className="col-lg-2 col-sm-3"
  >
    <div
      aria-label="choose filter"
      className="btn-group"
      data-toggle="buttons"
      role="radiogroup"
    >
      <label
        aria-checked="true"
        className="btn btn-default active"
        disabled={false}
        role="radio"
        type="button"
      >
        <input
          autoComplete="off"
          checked={true}
          disabled={false}
          name="filterToggle"
          onChange={[Function]}
          type="radio"
          value="ACTIVE"
        />
        <span>
          todo
        </span>
      </label>
      <label
        aria-checked="false"
        className="btn btn-default"
        disabled={false}
        role="radio"
        type="button"
      >
        <input
          autoComplete="off"
          checked={false}
          disabled={false}
          name="filterToggle"
          onChange={[Function]}
          type="radio"
          value="DONE"
        />
        <span>
          done
        </span>
      </label>
    </div>
  </div>
</div>
`;

exports[`An InputRow renders component 1`] = `
<div
  className="row"
>
  <div
    className="col-lg-8 col-lg-offset-2 col-sm-8 col-sm-offset-1"
  >
    <form
      onSubmit={[Function]}
    >
      <div
        className="form-group form-group-lg"
      >
        <input
          aria-label="Add Item"
          className="form-control"
          data-test-id="todo-add-item"
          id={undefined}
          onChange={[Function]}
          onKeyPress={undefined}
          placeholder="Add Item"
          type="text"
          value=""
        />
      </div>
    </form>
  </div>
  <div
    className="col-lg-2 col-sm-3"
  >
    <div
      aria-label="choose filter"
      className="btn-group"
      data-toggle="buttons"
      role="radiogroup"
    >
      <label
        aria-checked="true"
        className="btn btn-default active"
        disabled={false}
        role="radio"
        type="button"
      >
        <input
          autoComplete="off"
          checked={true}
          disabled={false}
          name="filterToggle"
          onChange={[Function]}
          type="radio"
          value="ACTIVE"
        />
        <span>
          todo
        </span>
      </label>
      <label
        aria-checked="false"
        className="btn btn-default"
        disabled={false}
        role="radio"
        type="button"
      >
        <input
          autoComplete="off"
          checked={false}
          disabled={false}
          name="filterToggle"
          onChange={[Function]}
          type="radio"
          value="DONE"
        />
        <span>
          done
        </span>
      </label>
    </div>
  </div>
</div>
`;
