// Jest Snapshot v1, https://goo.gl/fbAQLP

exports[`An InputRow Container renders component 1`] = `
<div>
  <div
    className="MuiGrid-item-2 MuiGrid-grid-xs-12-41"
  >
    <form
      onSubmit={[Function]}
    >
      <div
        aria-label="Add Item"
        className="MuiFormControl-root-98 MuiFormControl-fullWidth-101"
        data-test-id="todo-add-item"
      >
        <label
          className="MuiFormLabel-root-113 MuiInputLabel-root-102 MuiInputLabel-formControl-107 MuiInputLabel-animated-110"
          data-shrink={false}
          htmlFor="todoInput"
        >
          Add Item
        </label>
        <div
          className="MuiInputBase-root-133 MuiInput-root-120 MuiInput-underline-124 MuiInputBase-fullWidth-142 MuiInput-fullWidth-127 MuiInputBase-formControl-134 MuiInput-formControl-121"
          onClick={[Function]}
        >
          <input
            aria-invalid={false}
            className="MuiInputBase-input-143 MuiInput-input-128"
            disabled={false}
            id="todoInput"
            onBlur={[Function]}
            onChange={[Function]}
            onFocus={[Function]}
            required={false}
            type="text"
            value=""
          />
        </div>
      </div>
    </form>
  </div>
  <div
    className="MuiGrid-item-2 MuiGrid-grid-xs-12-41"
  >
    <div>
      <span>
        Show Done
      </span>
      <label
        htmlFor="todoStateSwitch"
      >
        <span
          className="MuiSwitch-root-150"
        >
          <span
            aria-label="choose filter"
            className="MuiButtonBase-root-169 MuiIconButton-root-163 MuiPrivateSwitchBase-root-159 MuiSwitch-switchBase-153 MuiSwitch-colorPrimary-155"
            onBlur={[Function]}
            onContextMenu={[Function]}
            onFocus={[Function]}
            onKeyDown={[Function]}
            onKeyUp={[Function]}
            onMouseDown={[Function]}
            onMouseLeave={[Function]}
            onMouseUp={[Function]}
            onTouchEnd={[Function]}
            onTouchMove={[Function]}
            onTouchStart={[Function]}
            tabIndex={null}
          >
            <span
              className="MuiIconButton-label-168"
            >
              <span
                className="MuiSwitch-icon-151"
              />
              <input
                checked={false}
                className="MuiPrivateSwitchBase-input-162"
                id="todoStateSwitch"
                onChange={[Function]}
                type="checkbox"
              />
            </span>
            <span
              className="MuiTouchRipple-root-172"
            />
          </span>
          <span
            className="MuiSwitch-bar-158"
          />
        </span>
      </label>
    </div>
  </div>
</div>
`;

exports[`An InputRow renders component 1`] = `
<div>
  <div
    className="MuiGrid-item-2 MuiGrid-grid-xs-12-41"
  >
    <form
      onSubmit={[Function]}
    >
      <div
        aria-label="Add Item"
        className="MuiFormControl-root-98 MuiFormControl-fullWidth-101"
        data-test-id="todo-add-item"
      >
        <label
          className="MuiFormLabel-root-113 MuiInputLabel-root-102 MuiInputLabel-formControl-107 MuiInputLabel-animated-110"
          data-shrink={false}
          htmlFor="todoInput"
        >
          Add Item
        </label>
        <div
          className="MuiInputBase-root-133 MuiInput-root-120 MuiInput-underline-124 MuiInputBase-fullWidth-142 MuiInput-fullWidth-127 MuiInputBase-formControl-134 MuiInput-formControl-121"
          onClick={[Function]}
        >
          <input
            aria-invalid={false}
            className="MuiInputBase-input-143 MuiInput-input-128"
            disabled={false}
            id="todoInput"
            onBlur={[Function]}
            onChange={[Function]}
            onFocus={[Function]}
            required={false}
            type="text"
            value=""
          />
        </div>
      </div>
    </form>
  </div>
  <div
    className="MuiGrid-item-2 MuiGrid-grid-xs-12-41"
  >
    <div>
      <span>
        Show Done
      </span>
      <label
        htmlFor="todoStateSwitch"
      >
        <span
          className="MuiSwitch-root-150"
        >
          <span
            aria-label="choose filter"
            className="MuiButtonBase-root-169 MuiIconButton-root-163 MuiPrivateSwitchBase-root-159 MuiSwitch-switchBase-153 MuiSwitch-colorPrimary-155"
            onBlur={[Function]}
            onContextMenu={[Function]}
            onFocus={[Function]}
            onKeyDown={[Function]}
            onKeyUp={[Function]}
            onMouseDown={[Function]}
            onMouseLeave={[Function]}
            onMouseUp={[Function]}
            onTouchEnd={[Function]}
            onTouchMove={[Function]}
            onTouchStart={[Function]}
            tabIndex={null}
          >
            <span
              className="MuiIconButton-label-168"
            >
              <span
                className="MuiSwitch-icon-151"
              />
              <input
                checked={false}
                className="MuiPrivateSwitchBase-input-162"
                id="todoStateSwitch"
                onChange={[Function]}
                type="checkbox"
              />
            </span>
            <span
              className="MuiTouchRipple-root-172"
            />
          </span>
          <span
            className="MuiSwitch-bar-158"
          />
        </span>
      </label>
    </div>
  </div>
</div>
`;
